---
source: loco-gen/tests/templates/agent.rs
expression: "fs::read_to_string(controllers_path.join(\"agents.rs\")).expect(\"controller file missing\")"
---
#![allow(clippy::missing_errors_doc)]
#![allow(clippy::unused_async)]
//! Thin HTTP layer for the AG-UI agent runtime. All agent logic lives in
//! `src/agents/`; this file only wires HTTP → the registry + run hub.

use std::sync::Arc;

use axum::extract::Query;
use loco_rs::agui::{
    hub_sse_response, resume, run_turn, AgentCtx, HubSink, Principal, RunAgentInput, RunParams,
};
use loco_rs::prelude::*;
use serde::Deserialize;
use serde_json::{json, Value};

use crate::agents::{self, runtime, store::DbStore};
use crate::models::_entities::{context_items, conversations, messages};

// ---------------------------------------------------------------------------
// Request bodies / queries
// ---------------------------------------------------------------------------

#[derive(Debug, Deserialize)]
pub struct CreateConversationParams {
    pub title: Option<String>,
    pub mode: Option<String>,
}

#[derive(Debug, Deserialize)]
pub struct ContextParams {
    pub kind: String,
    pub name: String,
    pub reference: Option<String>,
    pub content: Option<String>,
    pub metadata: Option<Value>,
}

#[derive(Debug, Deserialize)]
pub struct StreamQuery {
    /// Resume from just after this sequence number (the last SSE `id:` seen).
    #[serde(default)]
    pub since: Option<u64>,
}

// ---------------------------------------------------------------------------
// Helpers
// ---------------------------------------------------------------------------

async fn find_conversation(ctx: &AppContext, pid: &str) -> Result<conversations::Model> {
    let uuid = Uuid::parse_str(pid).map_err(|e| Error::Message(e.to_string()))?;
    conversations::Entity::find()
        .filter(conversations::Column::Pid.eq(uuid))
        .one(&ctx.db)
        .await?
        .ok_or_else(|| Error::NotFound)
}

fn principal_from(auth: &auth::JWT) -> Principal {
    let scopes = auth
        .claims
        .claims
        .get("scopes")
        .and_then(Value::as_array)
        .map(|arr| {
            arr.iter()
                .filter_map(|v| v.as_str().map(String::from))
                .collect()
        })
        .unwrap_or_default();
    Principal {
        scopes,
        claims: serde_json::to_value(&auth.claims.claims).unwrap_or(Value::Null),
    }
}

async fn set_active_run(ctx: &AppContext, conversation_id: i32, run_id: Option<&str>) -> Result<()> {
    if let Some(row) = conversations::Entity::find_by_id(conversation_id)
        .one(&ctx.db)
        .await?
    {
        let mut am = row.into_active_model();
        am.active_run_id = Set(run_id.map(String::from));
        am.update(&ctx.db).await?;
    }
    Ok(())
}

async fn clear_active_run(db: &DatabaseConnection, conversation_id: i32) -> Result<()> {
    if let Some(row) = conversations::Entity::find_by_id(conversation_id)
        .one(db)
        .await?
    {
        let mut am = row.into_active_model();
        am.active_run_id = Set(None);
        am.update(db).await?;
    }
    Ok(())
}

// ---------------------------------------------------------------------------
// Handlers
// ---------------------------------------------------------------------------

#[debug_handler]
pub async fn list_agents(State(_ctx): State<AppContext>) -> Result<Response> {
    let agents: Vec<Value> = agents::registry()
        .all()
        .into_iter()
        .map(|a| json!({ "name": a.name(), "description": a.description(), "model": a.model() }))
        .collect();
    format::json(agents)
}

#[debug_handler]
pub async fn get_agent(Path(agent_id): Path<String>, State(_ctx): State<AppContext>) -> Result<Response> {
    let agent = agents::registry()
        .get(&agent_id)
        .ok_or_else(|| Error::NotFound)?;
    format::json(json!({
        "name": agent.name(),
        "description": agent.description(),
        "model": agent.model(),
    }))
}

#[debug_handler]
pub async fn list_conversations(
    Path(agent_id): Path<String>,
    State(ctx): State<AppContext>,
) -> Result<Response> {
    let rows = conversations::Entity::find()
        .filter(conversations::Column::AgentId.eq(&agent_id))
        .all(&ctx.db)
        .await?;
    format::json(rows)
}

#[debug_handler]
pub async fn create_conversation(
    Path(agent_id): Path<String>,
    State(ctx): State<AppContext>,
    Json(params): Json<CreateConversationParams>,
) -> Result<Response> {
    // Validate the agent id against the registry.
    if agents::registry().get(&agent_id).is_none() {
        return Err(Error::NotFound);
    }
    let item = conversations::ActiveModel {
        pid: Set(Uuid::new_v4()),
        agent_id: Set(agent_id),
        title: Set(params.title),
        mode: Set(params.mode),
        status: Set(Some("idle".to_string())),
        ..Default::default()
    };
    format::json(item.insert(&ctx.db).await?)
}

#[debug_handler]
pub async fn list_messages(
    Path(conversation_pid): Path<String>,
    State(ctx): State<AppContext>,
) -> Result<Response> {
    let conversation = find_conversation(&ctx, &conversation_pid).await?;
    let mut rows = messages::Entity::find()
        .filter(messages::Column::ConversationId.eq(conversation.id))
        .all(&ctx.db)
        .await?;
    rows.sort_by_key(|m| m.id);
    format::json(rows)
}

#[debug_handler]
pub async fn add_context(
    Path(conversation_pid): Path<String>,
    State(ctx): State<AppContext>,
    Json(params): Json<ContextParams>,
) -> Result<Response> {
    let conversation = find_conversation(&ctx, &conversation_pid).await?;
    let item = context_items::ActiveModel {
        pid: Set(Uuid::new_v4()),
        conversation_id: Set(conversation.id),
        kind: Set(params.kind),
        name: Set(params.name),
        reference: Set(params.reference),
        content: Set(params.content),
        metadata: Set(params.metadata),
        ..Default::default()
    };
    format::json(item.insert(&ctx.db).await?)
}

/// Start (or resume-approve) a run. The run is decoupled from this connection:
/// it streams into the run hub, so a dropped connection does not stop it — the
/// client resumes via `GET /stream`. This response tails the run from seq 0.
#[debug_handler]
pub async fn run(
    Path(conversation_pid): Path<String>,
    State(ctx): State<AppContext>,
    auth: auth::JWT,
    Json(input): Json<RunAgentInput>,
) -> Result<Response> {
    let conversation = find_conversation(&ctx, &conversation_pid).await?;
    let agent = agents::registry()
        .get(&conversation.agent_id)
        .ok_or_else(|| Error::NotFound)?;

    let principal = principal_from(&auth);
    let actx = AgentCtx {
        app: &ctx,
        thread_id: conversation.pid.to_string(),
        mode: conversation.mode.clone(),
        principal,
    };
    let system = agent.system_prompt(&actx).await?;
    let authz = agent.authorizer(&actx);
    let hooks = agent.hooks();
    let tools = Arc::new(agent.tools());

    let store = DbStore {
        db: ctx.db.clone(),
        conversation_id: conversation.id,
    };

    // Persist the incoming user message for a fresh turn (resumes carry none).
    if input.resume.is_empty() {
        if let Some(text) = &input.message {
            store.append_user_message(text).await?;
        }
    }

    let run_id = input
        .run_id
        .clone()
        .unwrap_or_else(|| Uuid::new_v4().to_string());
    let hub = runtime::run_hub(&ctx);
    let handle = hub.start(&run_id).await?;
    set_active_run(&ctx, conversation.id, Some(&run_id)).await?;

    let provider = runtime::provider(&ctx, &agent.model());
    let params = RunParams {
        system,
        run_id: run_id.clone(),
        thread_id: conversation.pid.to_string(),
        agent: agent.name().to_string(),
        auto_approve: false,
        max_tool_turns: 8,
        tool_timeout: None,
        hooks,
        cancel: handle.cancel.clone(),
    };
    let resume_item = input.resume.first().cloned();

    // Drive the run in the background, publishing to the hub.
    let hub_run = hub.clone();
    let db = ctx.db.clone();
    let conv_id = conversation.id;
    let run_id_task = run_id.clone();
    tokio::spawn(async move {
        let sink = HubSink::new(hub_run.clone(), run_id_task.clone());
        let result = if let Some(item) = resume_item {
            resume(&store, tools, &provider, &sink, &params, &authz, &item).await
        } else {
            run_turn(&store, tools, &provider, &sink, &params, &authz).await
        };
        if let Err(err) = result {
            tracing::error!(error = %err, "agent run failed");
        }
        let _ = hub_run.finish(&run_id_task).await;
        let _ = clear_active_run(&db, conv_id).await;
    });

    let stream = hub.subscribe(&run_id, 0).await?;
    Ok(hub_sse_response(stream).into_response())
}

/// Resume the live stream of the conversation's active run (network reconnect).
/// Returns 204 when no run is active.
#[debug_handler]
pub async fn stream(
    Path(conversation_pid): Path<String>,
    State(ctx): State<AppContext>,
    Query(q): Query<StreamQuery>,
) -> Result<Response> {
    let conversation = find_conversation(&ctx, &conversation_pid).await?;
    let Some(run_id) = conversation.active_run_id.clone() else {
        return Ok((axum::http::StatusCode::NO_CONTENT, ()).into_response());
    };
    let hub = runtime::run_hub(&ctx);
    let stream = hub.subscribe(&run_id, q.since.unwrap_or(0)).await?;
    Ok(hub_sse_response(stream).into_response())
}

/// Cancel ("stop") the conversation's active run.
#[debug_handler]
pub async fn cancel(
    Path(conversation_pid): Path<String>,
    State(ctx): State<AppContext>,
) -> Result<Response> {
    let conversation = find_conversation(&ctx, &conversation_pid).await?;
    if let Some(run_id) = &conversation.active_run_id {
        runtime::run_hub(&ctx).cancel(run_id).await?;
    }
    format::empty()
}

pub fn routes() -> Routes {
    Routes::new()
        .prefix("api/")
        .add("agents", get(list_agents))
        .add("agents/{agent_id}", get(get_agent))
        .add("agents/{agent_id}/conversations", get(list_conversations))
        .add("agents/{agent_id}/conversations", post(create_conversation))
        .add("conversations/{conversation_pid}/messages", get(list_messages))
        .add("conversations/{conversation_pid}/context", post(add_context))
        .add("conversations/{conversation_pid}/run", post(run))
        .add("conversations/{conversation_pid}/stream", get(stream))
        .add("conversations/{conversation_pid}/cancel", post(cancel))
}
